[mybenefit.be/fr/index.html]
[backblue.gif]
[fade.gif]
[index.html]
[mybenefit.be/assets/meta/zcef5c3/bootstrap/css/bootstrap.css]
[mybenefit.be/assets/meta/z3b36fd2b/tapestry5/tapestry.css]
[mybenefit.be/assets/meta/z46ba6ee5/tapestry5/exception-frame.css]
[mybenefit.be/assets/meta/z9cac79b1/tapestry5/tapestry-console.css]
[mybenefit.be/assets/meta/zd721e6a2/tapestry5/tree.css]
[mybenefit.be/assets/tapestry-jquery/z34a09e91/vendor/ui/themes/smoothness/jquery-ui.css]
[mybenefit.be/assets/meta/pac/zf42f322e/components/actionmenu/css/actionmenu.css]
[mybenefit.be/fr/index.html]
[mybenefit.be/assets/meta/zcef5c3/bootstrap/css/bootstrap.css]
[mybenefit.be/assets/stack/zc5a6da7/fr/core.js]
[mybenefit.be/assets/meta/a8a1939/tapestry5/ajax-loader.gif]
[mybenefit.be/assets/meta/core/17419a2b/sortable.png]
[mybenefit.be/assets/meta/core/9bb6819e/sort-asc.png]
[mybenefit.be/assets/meta/core/5ada83c7/sort-desc.png]
[mybenefit.be/assets/meta/313de0c7/tapestry5/pageloader-mask.gif]
[mybenefit.be/assets/meta/z3b36fd2b/tapestry5/tapestry.css]
[mybenefit.be/assets/meta/z46ba6ee5/tapestry5/exception-frame.css]
[mybenefit.be/assets/meta/z9cac79b1/tapestry5/tapestry-console.css]
[mybenefit.be/assets/meta/2e0d18b0/tapestry5/tree-vpipe.png]
[mybenefit.be/assets/meta/4ab323e0/tapestry5/tree-branch.png]
[mybenefit.be/assets/meta/af332216/tapestry5/tree-branchend.png]
[mybenefit.be/assets/meta/9922ab53/tapestry5/tree-sprites.png]
[mybenefit.be/assets/meta/zd721e6a2/tapestry5/tree.css]
[mybenefit.be/assets/tapestry-jquery/4dff5a40/vendor/ui/themes/smoothness/images/ui-bg_highlight-soft_75_cccccc_1x100.png]
[mybenefit.be/assets/tapestry-jquery/c3904e67/vendor/ui/themes/smoothness/images/ui-bg_glass_75_e6e6e6_1x400.png]
[mybenefit.be/assets/tapestry-jquery/78414e59/vendor/ui/themes/smoothness/images/ui-bg_glass_75_dadada_1x400.png]
[mybenefit.be/assets/tapestry-jquery/1fbf3312/vendor/ui/themes/smoothness/images/ui-bg_glass_65_ffffff_1x400.png]
[mybenefit.be/assets/tapestry-jquery/6506754f/vendor/ui/themes/smoothness/images/ui-bg_glass_55_fbf9ee_1x400.png]
[mybenefit.be/assets/tapestry-jquery/d52c734e/vendor/ui/themes/smoothness/images/ui-bg_glass_95_fef1ec_1x400.png]
[mybenefit.be/assets/tapestry-jquery/bc3e2341/vendor/ui/themes/smoothness/images/ui-icons_222222_256x240.png]
[mybenefit.be/assets/tapestry-jquery/9f270818/vendor/ui/themes/smoothness/images/ui-icons_888888_256x240.png]
[mybenefit.be/assets/tapestry-jquery/220e4688/vendor/ui/themes/smoothness/images/ui-icons_454545_256x240.png]
[mybenefit.be/assets/tapestry-jquery/313d729a/vendor/ui/themes/smoothness/images/ui-icons_2e83ff_256x240.png]
[mybenefit.be/assets/tapestry-jquery/6f1b2a06/vendor/ui/themes/smoothness/images/ui-icons_cd0a0a_256x240.png]
[mybenefit.be/assets/tapestry-jquery/z34a09e91/vendor/ui/themes/smoothness/jquery-ui.css]
[mybenefit.be/assets/meta/pac/zf42f322e/components/actionmenu/css/actionmenu.css]
